// Jest Snapshot v1, https://goo.gl/fbAQLP

exports[`throws if required fields are not supplied 1`] = `"Fulfillment types is required"`;
